SVMM_METRIC variant=baseline stage=image_loaded guest_memory_bytes=0
SVMM_METRIC variant=baseline stage=memory guest_memory_bytes=134217728
SVMM_METRIC variant=baseline stage=memory_mapped guest_memory_bytes=134217728
SVMM_METRIC variant=baseline stage=boot_prepared guest_memory_bytes=134217728
SVMM_METRIC variant=baseline stage=vcpu_setup guest_memory_bytes=134217728
SVMM_METRIC variant=baseline stage=kvm_run guest_memory_bytes=134217728
INFO: unmodeled I/O port=0xcf8 size=4 direction=1
INFO: unmodeled I/O port=0xcfc size=2 direction=0
INFO: unmodeled I/O port=0xcfe size=2 direction=0
INFO: unmodeled I/O port=0xa1 size=1 direction=1
INFO: unmodeled I/O port=0x21 size=1 direction=1
INFO: unmodeled I/O port=0x43 size=1 direction=1
INFO: unmodeled I/O port=0x40 size=1 direction=1
INFO: unmodeled I/O port=0xcfb size=1 direction=1
INFO: unmodeled I/O port=0xcfa size=1 direction=1
INFO: unmodeled I/O port=0x87 size=1 direction=0
INFO: unmodeled I/O port=0x4e size=1 direction=1
INFO: unmodeled I/O port=0x4f size=1 direction=0
INFO: unmodeled I/O port=0x2e size=1 direction=1
INFO: unmodeled I/O port=0x2f size=1 direction=0
INFO: unmodeled I/O port=0x2f9 size=1 direction=0
INFO: unmodeled I/O port=0x3e9 size=1 direction=0
INFO: unmodeled I/O port=0x2e9 size=1 direction=0
INFO: unmodeled I/O port=0x64 size=1 direction=0
INFO: unmodeled I/O port=0x60 size=1 direction=0
