[    0.000000] Linux version 6.16.0 (root@master) (gcc (Ubuntu 13.3.0-6ubuntu2~24.04) 13.3.0, GNU ld (GNU Binutils for Ubuntu) 2.42) #1 SMP PREEMPT_DYNAMIC Tue Dec  9 15:48:43 CST 2025
[    0.000000] Command line: console=ttyS0 earlycon=uart8250,io,0x3f8
[    0.000000] Disabled fast string operations
[    0.000000] x86/split lock detection: #DB: warning on user-space bus_locks
[    0.000000] BIOS-provided physical RAM map:
[    0.000000] BIOS-e801: [mem 0x0000000000000000-0x000000000009efff] usable
[    0.000000] earlycon: uart8250 at I/O port 0x3f8 (options '')
[    0.000000] printk: legacy bootconsole [uart8250] enabled
[    0.000000] NX (Execute Disable) protection: active
[    0.000000] APIC: Static calls initialized
[    0.000000] DMI not present or invalid.
[    0.000000] Hypervisor detected: KVM
[    0.000000] kvm-clock: Using msrs 4b564d01 and 4b564d00
[    0.000001] kvm-clock: using sched offset of 305578986 cycles
[    0.000523] clocksource: kvm-clock: mask: 0xffffffffffffffff max_cycles: 0x1cd42e4dffb, max_idle_ns: 881590591483 ns
[    0.002136] tsc: Detected 2200.000 MHz processor
[    0.002695] .text .data .bss are not marked as E820_TYPE_RAM!
[    0.003273] last_pfn = 0x3630 max_arch_pfn = 0x10000000000
[    0.003869] MTRRs disabled by BIOS
[    0.004207] x86/PAT: Configuration [0-7]: WB  WC  UC- UC  WB  WP  UC- WT  
[    0.020893] Using GB pages for direct mapping
[    0.021353] Failed to release memory for alloc_low_pages()
[    0.021386] Kernel panic - not syncing: alloc_low_pages: can not alloc memory
[    0.022645] CPU: 0 UID: 0 PID: 0 Comm: swapper Not tainted 6.16.0 #1 PREEMPT(undef) 
[    0.023413] Call Trace:
[    0.023660]  <TASK>
[    0.023868]  ? panic+0x325/0x380
[    0.024193]  ? alloc_low_pages+0x5c/0x150
[    0.024595]  ? phys_pmd_init+0x200/0x3a0
[    0.024986]  ? phys_pud_init+0x361/0x390
[    0.025376]  ? phys_p4d_init+0x98/0x330
[    0.025763]  ? __kernel_physical_mapping_init+0xa5/0x370
[    0.026292]  ? init_memory_mapping+0x14d/0x3d0
[    0.026738]  ? init_range_memory_mapping+0xd7/0x170
[    0.027224]  ? init_mem_mapping+0x2c0/0x370
[    0.027643]  ? setup_arch+0x765/0xd80
[    0.028008]  ? start_kernel+0x5b/0x7e0
[    0.028381]  ? x86_64_start_reservations+0x18/0x30
[    0.028862]  ? x86_64_start_kernel+0x103/0x120
[    0.029304]  ? common_startup_64+0x13e/0x148
[    0.029733]  </TASK>
[    0.029951] ---[ end Kernel panic - not syncing: alloc_low_pages: can not alloc memory ]---
