[    0.000000] Linux version 6.16.0 (root@master) (gcc (Ubuntu 13.3.0-6ubuntu2~24.04) 13.3.0, GNU ld (GNU Binutils for Ubuntu) 2.42) #1 SMP PREEMPT_DYNAMIC Tue Dec  9 15:48:43 CST 2025
[    0.000000] Command line: console=ttyS0 earlycon=uart8250,io,0x3f8
[    0.000000] Disabled fast string operations
[    0.000000] x86/split lock detection: #DB: warning on user-space bus_locks
[    0.000000] BIOS-provided physical RAM map:
[    0.000000] BIOS-e820: [mem 0x0000000000000000-0x000000000000ffff] reserved
[    0.000000] BIOS-e820: [mem 0x0000000000010000-0x0000000007ffffff] usable
[    0.000000] earlycon: uart8250 at I/O port 0x3f8 (options '')
[    0.000000] printk: legacy bootconsole [uart8250] enabled
[    0.000000] NX (Execute Disable) protection: active
[    0.000000] APIC: Static calls initialized
[    0.000000] DMI not present or invalid.
[    0.000000] Hypervisor detected: KVM
[    0.000000] kvm-clock: Using msrs 4b564d01 and 4b564d00
[    0.000000] kvm-clock: using sched offset of 183407618 cycles
[    0.000286] clocksource: kvm-clock: mask: 0xffffffffffffffff max_cycles: 0x1cd42e4dffb, max_idle_ns: 881590591483 ns
[    0.001185] tsc: Detected 2200.000 MHz processor
[    0.001498] last_pfn = 0x8000 max_arch_pfn = 0x10000000000
[    0.001825] MTRRs disabled by BIOS
[    0.002018] x86/PAT: Configuration [0-7]: WB  WC  UC- UC  WB  WP  UC- WT  
[    0.011193] Using GB pages for direct mapping
[    0.011472] ACPI: Early table checksum verification disabled
[    0.011823] ACPI BIOS Error (bug): A valid RSDP was not found (20250404/tbxfroot-222)
[    0.012255] ACPI: Failed to initialize tables, status=0x5 (AE_NOT_FOUND)
[    0.012411] No NUMA configuration found
[    0.012988] Faking a node at [mem 0x0000000000000000-0x0000000007ffffff]
[    0.013354] NODE_DATA(0) allocated [mem 0x07ffc900-0x07ffffff]
[    0.014297] Zone ranges:
[    0.014437]   DMA      [mem 0x0000000000010000-0x0000000000ffffff]
[    0.014774]   DMA32    [mem 0x0000000001000000-0x0000000007ffffff]
[    0.015115]   Normal   empty
[    0.015272] Movable zone start for each node
[    0.015505] Early memory node ranges
[    0.015700]   node   0: [mem 0x0000000000010000-0x000000000009ffff]
[    0.016044]   node   0: [mem 0x0000000000100000-0x0000000007ffffff]
[    0.016386] Initmem setup node 0 [mem 0x0000000000010000-0x0000000007ffffff]
[    0.016779] On node 0, zone DMA: 16 pages in unavailable ranges
[    0.017251] On node 0, zone DMA: 96 pages in unavailable ranges
[    0.018769] No local APIC present
[    0.018955] APIC: disable apic facility
[    0.019190] APIC: Switched APIC routing to: noop
[    0.019444] CPU topo: Max. logical packages:   1
[    0.019695] CPU topo: Max. logical dies:       1
[    0.019950] CPU topo: Max. dies per package:   1
[    0.020203] CPU topo: Max. threads per core:   1
[    0.020455] CPU topo: Num. cores per package:     1
[    0.020721] CPU topo: Num. threads per package:   1
[    0.020990] CPU topo: Allowing 1 present CPUs plus 0 hotplug CPUs
[    0.021329] kvm-guest: APIC: eoi() replaced with kvm_guest_apic_eoi_write()
[    0.021721] PM: hibernation: Registered nosave memory: [mem 0x00000000-0x0000ffff]
[    0.022135] PM: hibernation: Registered nosave memory: [mem 0x000a0000-0x000fffff]
[    0.022547] [mem 0x08000000-0xffffffff] available for PCI devices
[    0.022883] Booting paravirtualized kernel on KVM
[    0.023139] clocksource: refined-jiffies: mask: 0xffffffff max_cycles: 0xffffffff, max_idle_ns: 1910969940391419 ns
[    0.028248] setup_percpu: NR_CPUS:64 nr_cpumask_bits:1 nr_cpu_ids:1 nr_node_ids:1
[    0.029921] percpu: Embedded 52 pages/cpu s172312 r8192 d32488 u2097152
[    0.030366] unchecked MSR access error: WRMSR to 0x4b564d06 (tried to write 0x00000000000000f3) at rIP: 0xffffffff95474982 (kvm_guest_cpu_init+0xb2/0x1f0)
[    0.031128] Call Trace:
[    0.031263]  <TASK>
[    0.031378]  kvm_smp_prepare_boot_cpu+0x9/0x10
[    0.031623]  start_kernel+0x188/0x7e0
[    0.031824]  x86_64_start_reservations+0x18/0x30
[    0.032081]  x86_64_start_kernel+0x103/0x120
[    0.032322]  common_startup_64+0x13e/0x148
[    0.032547]  </TASK>
[    0.032674] Kernel command line: console=ttyS0 earlycon=uart8250,io,0x3f8
[    0.033072] random: crng init done
[    0.033261] printk: log buffer data + meta data: 262144 + 917504 = 1179648 bytes
[    0.033746] Dentry cache hash table entries: 16384 (order: 5, 131072 bytes, linear)
[    0.034213] Inode-cache hash table entries: 8192 (order: 4, 65536 bytes, linear)
[    0.034653] Fallback order for Node 0: 0 
[    0.034655] Built 1 zonelists, mobility grouping on.  Total pages: 32656
[    0.035214] Policy zone: DMA32
[    0.035373] mem auto-init: stack:all(zero), heap alloc:off, heap free:off
[    0.036060] SLUB: HWalign=64, Order=0-3, MinObjects=0, CPUs=1, Nodes=1
[    0.037116] Dynamic Preempt: voluntary
[    0.037340] rcu: Preemptible hierarchical RCU implementation.
[    0.037638] rcu: 	RCU event tracing is enabled.
[    0.037882] rcu: 	RCU restricting CPUs from NR_CPUS=64 to nr_cpu_ids=1.
[    0.038226] 	Trampoline variant of Tasks RCU enabled.
[    0.038487] 	Tracing variant of Tasks RCU enabled.
[    0.038735] rcu: RCU calculated value of scheduler-enlistment delay is 100 jiffies.
[    0.039134] rcu: Adjusting geometry for rcu_fanout_leaf=16, nr_cpu_ids=1
[    0.039483] RCU Tasks: Setting shift to 0 and lim to 1 rcu_task_cb_adjust=1 rcu_task_cpu_ids=1.
[    0.039937] RCU Tasks Trace: Setting shift to 0 and lim to 1 rcu_task_cb_adjust=1 rcu_task_cpu_ids=1.
[    0.042639] Using NULL legacy PIC
[    0.042818] NR_IRQS: 4352, nr_irqs: 32, preallocated irqs: 0
[    0.043148] rcu: srcu_init: Setting srcu_struct sizes based on contention.
[    0.043552] Console: colour dummy device 80x25
[    0.043801] printk: legacy console [ttyS0] enabled
[    0.043801] printk: legacy console [ttyS0] enabled
[    0.044313] printk: legacy bootconsole [uart8250] disabled
[    0.044313] printk: legacy bootconsole [uart8250] disabled
[    0.044899] APIC disabled by BIOS
[    0.045092] Failed to register legacy timer interrupt
[    0.045365] APIC: Keep in PIC mode(8259)
[    0.045579] clocksource: tsc-early: mask: 0xffffffffffffffff max_cycles: 0x1fb633008a4, max_idle_ns: 440795292230 ns
[    0.046145] Calibrating delay loop (skipped) preset value.. 4400.00 BogoMIPS (lpj=2200000)
[    0.046661] Disabled fast string operations
[    0.046920] x86/cpu: User Mode Instruction Prevention (UMIP) activated
[    0.047144] CET detected: Indirect Branch Tracking enabled
[    0.047144] Last level iTLB entries: 4KB 0, 2MB 0, 4MB 0
[    0.047144] Last level dTLB entries: 4KB 0, 2MB 0, 4MB 0, 1GB 0
[    0.047144] Speculative Store Bypass: Mitigation: Speculative Store Bypass disabled via prctl
[    0.047144] Spectre V2 : Mitigation: Enhanced / Automatic IBRS
[    0.047144] Spectre V1 : Mitigation: usercopy/swapgs barriers and __user pointer sanitization
[    0.047144] Spectre V2 : Spectre v2 / PBRSB-eIBRS: Retire a single CALL on VMEXIT
[    0.047144] Spectre V2 : mitigation: Enabling conditional Indirect Branch Prediction Barrier
[    0.047144] x86/fpu: Supporting XSAVE feature 0x001: 'x87 floating point registers'
[    0.047144] x86/fpu: Supporting XSAVE feature 0x002: 'SSE registers'
[    0.047144] x86/fpu: Supporting XSAVE feature 0x004: 'AVX registers'
[    0.047144] x86/fpu: Supporting XSAVE feature 0x020: 'AVX-512 opmask'
[    0.047144] x86/fpu: Supporting XSAVE feature 0x040: 'AVX-512 Hi256'
[    0.047144] x86/fpu: Supporting XSAVE feature 0x080: 'AVX-512 ZMM_Hi256'
[    0.047144] x86/fpu: Supporting XSAVE feature 0x200: 'Protection Keys User registers'
[    0.047144] x86/fpu: Supporting XSAVE feature 0x800: 'Control-flow User registers'
[    0.047144] x86/fpu: xstate_offset[2]:  576, xstate_sizes[2]:  256
[    0.047144] x86/fpu: xstate_offset[5]:  832, xstate_sizes[5]:   64
[    0.047144] x86/fpu: xstate_offset[6]:  896, xstate_sizes[6]:  512
[    0.047144] x86/fpu: xstate_offset[7]: 1408, xstate_sizes[7]: 1024
[    0.047144] x86/fpu: xstate_offset[9]: 2432, xstate_sizes[9]:    8
[    0.047144] x86/fpu: xstate_offset[11]: 2440, xstate_sizes[11]:   16
[    0.047144] x86/fpu: Enabled xstate features 0xae7, context size is 2456 bytes, using 'compacted' format.
[    0.047144] Freeing SMP alternatives memory: 52K
[    0.047144] pid_max: default: 32768 minimum: 301
[    0.047144] LSM: initializing lsm=capability,selinux
[    0.047144] SELinux:  Initializing.
[    0.047144] Mount-cache hash table entries: 512 (order: 0, 4096 bytes, linear)
[    0.047144] Mountpoint-cache hash table entries: 512 (order: 0, 4096 bytes, linear)
[    0.047144] smpboot: SMP disabled
[    0.047144] Performance Events: Sapphire Rapids events, full-width counters, 
[    0.047144] no APIC, boot with the "lapic" boot parameter to force-enable it.
[    0.047144] no hardware sampling interrupt available.
[    0.047144] Intel PMU driver.
[    0.047144] ... version:                2
[    0.047144] ... bit width:              48
[    0.047144] ... generic registers:      8
[    0.047144] ... value mask:             0000ffffffffffff
[    0.047144] ... max period:             00007fffffffffff
[    0.047144] ... fixed-purpose events:   3
[    0.047144] ... event mask:             00000007000000ff
[    0.047144] signal: max sigframe size: 3632
[    0.047144] rcu: Hierarchical SRCU implementation.
[    0.047144] rcu: 	Max phase no-delay instances is 400.
[    0.047144] smp: Bringing up secondary CPUs ...
[    0.047144] smp: Brought up 1 node, 1 CPU
[    0.047144] smpboot: Total of 1 processors activated (4400.00 BogoMIPS)
[    0.047144] Memory: 85280K/130624K available (18235K kernel code, 2884K rwdata, 7224K rodata, 2844K init, 832K bss, 43020K reserved, 0K cma-reserved)
[    0.047144] devtmpfs: initialized
[    0.047144] clocksource: jiffies: mask: 0xffffffff max_cycles: 0xffffffff, max_idle_ns: 1911260446275000 ns
[    0.047144] posixtimers hash table entries: 512 (order: 1, 8192 bytes, linear)
[    0.047144] futex hash table entries: 256 (16384 bytes on 1 NUMA nodes, total 16 KiB, linear).
[    0.047144] PM: RTC time: 07:30:59, date: 2026-10-09
[    0.047144] NET: Registered PF_NETLINK/PF_ROUTE protocol family
[    0.047144] audit: initializing netlink subsys (disabled)
[    0.047144] thermal_sys: Registered thermal governor 'step_wise'
[    0.047144] audit: type=2000 audit(1791531059.670:1): state=initialized audit_enabled=0 res=1
[    0.047144] cpuidle: using governor menu
[    0.047144] PCI: Fatal: No config space access function found
[    0.047144] kprobes: kprobe jump-optimization is enabled. All kprobes are optimized if possible.
[    0.047144] HugeTLB: allocation took 0ms with hugepage_allocation_threads=1
[    0.047144] HugeTLB: registered 2.00 MiB page size, pre-allocated 0 pages
[    0.047144] HugeTLB: 28 KiB vmemmap can be freed for a 2.00 MiB page
[    0.047144] ACPI: Interpreter disabled.
[    0.047144] iommu: Default domain type: Translated
[    0.047144] iommu: DMA domain TLB invalidation policy: lazy mode
[    0.047144] SCSI subsystem initialized
[    0.047144] usbcore: registered new interface driver usbfs
[    0.047144] usbcore: registered new interface driver hub
[    0.047144] usbcore: registered new device driver usb
[    0.047144] pps_core: LinuxPPS API ver. 1 registered
[    0.047144] pps_core: Software ver. 5.3.6 - Copyright 2005-2007 Rodolfo Giometti <giometti@linux.it>
[    0.047144] PTP clock support registered
[    0.047144] Advanced Linux Sound Architecture Driver Initialized.
[    0.047144] NetLabel: Initializing
[    0.047144] NetLabel:  domain hash size = 128
[    0.047144] NetLabel:  protocols = UNLABELED CIPSOv4 CALIPSO
[    0.047144] NetLabel:  unlabeled traffic allowed by default
[    0.047144] PCI: System does not support PCI
[    0.047144] vgaarb: loaded
[    0.047144] clocksource: Switched to clocksource kvm-clock
[    0.047144] VFS: Disk quotas dquot_6.6.0
[    0.047144] VFS: Dquot-cache hash table entries: 512 (order 0, 4096 bytes)
[    0.047144] pnp: PnP ACPI: disabled
[    0.047144] NET: Registered PF_INET protocol family
[    0.047144] IP idents hash table entries: 2048 (order: 2, 16384 bytes, linear)
[    0.047144] tcp_listen_portaddr_hash hash table entries: 256 (order: 0, 4096 bytes, linear)
[    0.047144] Table-perturb hash table entries: 65536 (order: 6, 262144 bytes, linear)
[    0.047144] TCP established hash table entries: 1024 (order: 1, 8192 bytes, linear)
[    0.047144] TCP bind hash table entries: 1024 (order: 3, 32768 bytes, linear)
[    0.047144] TCP: Hash tables configured (established 1024 bind 1024)
[    0.047144] UDP hash table entries: 256 (order: 2, 16384 bytes, linear)
[    0.047144] UDP-Lite hash table entries: 256 (order: 2, 16384 bytes, linear)
[    0.047144] NET: Registered PF_UNIX/PF_LOCAL protocol family
[    0.047144] RPC: Registered named UNIX socket transport module.
[    0.047144] RPC: Registered udp transport module.
[    0.047144] RPC: Registered tcp transport module.
[    0.047144] RPC: Registered tcp-with-tls transport module.
[    0.047144] RPC: Registered tcp NFSv4.1 backchannel transport module.
[    0.047144] PCI: CLS 0 bytes, default 64
[    0.047144] RAPL PMU: API unit is 2^-32 Joules, 1 fixed counters, 10737418240 ms ovfl timer
[    0.047144] RAPL PMU: hw unit of domain psys 2^-0 Joules
[    0.047144] clocksource: tsc: mask: 0xffffffffffffffff max_cycles: 0x1fb633008a4, max_idle_ns: 440795292230 ns
[    0.047144] clocksource: Switched to clocksource tsc
[    0.047144] platform rtc_cmos: registered platform RTC device (no PNP device found)
[    0.047144] Initialise system trusted keyrings
[    0.047144] workingset: timestamp_bits=56 max_order=15 bucket_order=0
[    0.047144] NFS: Registering the id_resolver key type
[    0.047144] Key type id_resolver registered
[    0.047144] Key type id_legacy registered
[    0.047144] 9p: Installing v9fs 9p2000 file system support
[    0.047144] Key type asymmetric registered
[    0.047144] Asymmetric key parser 'x509' registered
[    0.047144] Block layer SCSI generic (bsg) driver version 0.4 loaded (major 251)
[    0.047144] io scheduler mq-deadline registered
[    0.047144] io scheduler kyber registered
[    0.047144] kworker/R-acpi_ (38) used greatest stack depth: 15600 bytes left
[    0.047144] Serial: 8250/16550 driver, 4 ports, IRQ sharing enabled
